{
    "componentChunkName": "component---src-templates-post-js",
    "path": "/synbio/golden/",
    "result": {"data":{"mdx":{"body":"var _excluded = [\"components\"];\n\nfunction _extends() { _extends = Object.assign || function (target) { for (var i = 1; i < arguments.length; i++) { var source = arguments[i]; for (var key in source) { if (Object.prototype.hasOwnProperty.call(source, key)) { target[key] = source[key]; } } } return target; }; return _extends.apply(this, arguments); }\n\nfunction _objectWithoutProperties(source, excluded) { if (source == null) return {}; var target = _objectWithoutPropertiesLoose(source, excluded); var key, i; if (Object.getOwnPropertySymbols) { var sourceSymbolKeys = Object.getOwnPropertySymbols(source); for (i = 0; i < sourceSymbolKeys.length; i++) { key = sourceSymbolKeys[i]; if (excluded.indexOf(key) >= 0) continue; if (!Object.prototype.propertyIsEnumerable.call(source, key)) continue; target[key] = source[key]; } } return target; }\n\nfunction _objectWithoutPropertiesLoose(source, excluded) { if (source == null) return {}; var target = {}; var sourceKeys = Object.keys(source); var key, i; for (i = 0; i < sourceKeys.length; i++) { key = sourceKeys[i]; if (excluded.indexOf(key) >= 0) continue; target[key] = source[key]; } return target; }\n\n/* @jsxRuntime classic */\n\n/* @jsx mdx */\nvar _frontmatter = {};\nvar layoutProps = {\n  _frontmatter: _frontmatter\n};\nvar MDXLayout = \"wrapper\";\nreturn function MDXContent(_ref) {\n  var components = _ref.components,\n      props = _objectWithoutProperties(_ref, _excluded);\n\n  return mdx(MDXLayout, _extends({}, layoutProps, props, {\n    components: components,\n    mdxType: \"MDXLayout\"\n  }), mdx(\"h1\", {\n    \"id\": \"golden-gate-assembly\",\n    \"style\": {\n      \"position\": \"relative\"\n    }\n  }, mdx(\"a\", {\n    parentName: \"h1\",\n    \"href\": \"#golden-gate-assembly\",\n    \"aria-label\": \"golden gate assembly permalink\",\n    \"className\": \"anchor before\"\n  }, mdx(\"svg\", {\n    parentName: \"a\",\n    \"aria-hidden\": \"true\",\n    \"focusable\": \"false\",\n    \"height\": \"16\",\n    \"version\": \"1.1\",\n    \"viewBox\": \"0 0 16 16\",\n    \"width\": \"16\"\n  }, mdx(\"path\", {\n    parentName: \"svg\",\n    \"fillRule\": \"evenodd\",\n    \"d\": \"M4 9h1v1H4c-1.5 0-3-1.69-3-3.5S2.55 3 4 3h4c1.45 0 3 1.69 3 3.5 0 1.41-.91 2.72-2 3.25V8.59c.58-.45 1-1.27 1-2.09C10 5.22 8.98 4 8 4H4c-.98 0-2 1.22-2 2.5S3 9 4 9zm9-3h-1v1h1c1 0 2 1.22 2 2.5S13.98 12 13 12H9c-.98 0-2-1.22-2-2.5 0-.83.42-1.64 1-2.09V6.25c-1.09.53-2 1.84-2 3.25C6 11.31 7.55 13 9 13h4c1.45 0 3-1.69 3-3.5S14.5 6 13 6z\"\n  }))), \"Golden Gate Assembly\"), mdx(\"ul\", null, mdx(\"li\", {\n    parentName: \"ul\"\n  }, mdx(\"strong\", {\n    parentName: \"li\"\n  }, \"open reading frame (ORF)\"), \". a span of genetic material that can be read by genetic machinery to produce a protein.\"), mdx(\"li\", {\n    parentName: \"ul\"\n  }, mdx(\"strong\", {\n    parentName: \"li\"\n  }, \"ORF library\"), \". a collection of variuses modified to encode ORFs. These viruses infect cells on a dish, and the ORFs are passed into the living cells, which then begin expressing the ORF.\", mdx(\"sup\", {\n    parentName: \"li\",\n    \"id\": \"fnref-1\"\n  }, mdx(\"a\", {\n    parentName: \"sup\",\n    \"href\": \"#fn-1\",\n    \"className\": \"footnote-ref\"\n  }, \"1\"))), mdx(\"li\", {\n    parentName: \"ul\"\n  }, mdx(\"strong\", {\n    parentName: \"li\"\n  }, \"Type IIs restriction enzymes\"), \". Cut outside of their recognition site, so the DNA overhangs can consist of any nucleotide.\"), mdx(\"li\", {\n    parentName: \"ul\"\n  }, mdx(\"strong\", {\n    parentName: \"li\"\n  }, \"subcloning\"), \". a technique that transfers DNA inserts from one vector to another.\", mdx(\"ul\", {\n    parentName: \"li\"\n  }, mdx(\"li\", {\n    parentName: \"ul\"\n  }, \"This is the \", mdx(\"em\", {\n    parentName: \"li\"\n  }, \"physical process\"), \" used to \", mdx(\"em\", {\n    parentName: \"li\"\n  }, \"build\"), \" a plasmid vector.\")))), mdx(\"p\", null, mdx(\"figure\", {\n    parentName: \"p\",\n    \"className\": \"gatsby-resp-image-figure\",\n    \"style\": {\n      \"flex\": \"1.2\"\n    }\n  }, \"\\n    \", mdx(\"span\", {\n    parentName: \"figure\",\n    \"className\": \"gatsby-resp-image-wrapper\",\n    \"style\": {\n      \"position\": \"relative\",\n      \"display\": \"block\",\n      \"marginLeft\": \"auto\",\n      \"marginRight\": \"auto\",\n      \"maxWidth\": \"587px\"\n    }\n  }, \"\\n      \", mdx(\"a\", {\n    parentName: \"span\",\n    \"className\": \"gatsby-resp-image-link\",\n    \"href\": \"/research/static/4dc820448f0dedb38710142b99610a30/d72eb/puc18.png\",\n    \"style\": {\n      \"display\": \"block\"\n    },\n    \"target\": \"_blank\",\n    \"rel\": \"noopener\"\n  }, \"\\n    \", mdx(\"span\", {\n    parentName: \"a\",\n    \"className\": \"gatsby-resp-image-background-image\",\n    \"style\": {\n      \"paddingBottom\": \"83.33333333333334%\",\n      \"position\": \"relative\",\n      \"bottom\": \"0\",\n      \"left\": \"0\",\n      \"backgroundImage\": \"url('data:image/png;base64,iVBORw0KGgoAAAANSUhEUgAAABQAAAARCAIAAABSJhvpAAAACXBIWXMAAAsTAAALEwEAmpwYAAACLklEQVQ4y2VTaXPaMBDl//+wJk3SaSedjIk5DNgulnVYp3VLHRADgey3lfR23z69XeS7SDlnxljbdhCiGGMIAQCgtVZKOedSSl9fL+6gIXA6bbcNAEBKWQ7BOEKIqqp6e32rlsuJshBCqbJIp4gp5+As63eKs3iuLqRABDPBRwSdczlnCOHLy1u1/JRSXsC3tjFG71POZJoIIcOhP25aBaZh3602a0KmnJKQUil1o00pRQgDMJbym80GY5xztkcmD3Dzd/f+u54mIqVCCOWcnXNCXCZacM6HYajr2lrLOGOMfVXF58yNIQRzzgnBx+O/nLMx5iaYUoqQSRvTNLsbMKUQQoyxZMaYcxtwRV7AQogQPGdi1y+VA9c/u8lxKRnnmXMujDGU0gtYSmmt4XQmpha+K4Dg/Wq1bprdtXmwQLF6hNR7W6ZbFFcYowkSQL1L35enzpqn5+ePj8r7cCEQMYXv26YTkm+b7aVzYQUGvOpeWVifSZ9OvHPWFledUqcaxRoh9N3MBSylohwD+zMm/33snIKmf+iExNl5dyYpwhLMBrrc4R8PUqWYkqkZqvf7PgRPCClCLMp12x7AOIbgV5+bI/2A7lWG3kYe08k50XZe7weAtZ5jjFqbu8VQSq3Xa6XUrGcMKVewxb86/uQSNdp2fYvwZIwRQm6bnXP+cav0PFdVNSJknWVM9O0AAeFMwFOgwtN7H0J4XEnnHMF4HMdD216tH4L3wedvcfXvfxso0fCsNxniAAAAAElFTkSuQmCC')\",\n      \"backgroundSize\": \"cover\",\n      \"display\": \"block\"\n    }\n  }), \"\\n  \", mdx(\"img\", {\n    parentName: \"a\",\n    \"className\": \"gatsby-resp-image-image\",\n    \"alt\": \"An example of a plasmid. This plasmid is called pUC18 and was designed by the University of California.\",\n    \"title\": \"An example of a plasmid. This plasmid is called pUC18 and was designed by the University of California.\",\n    \"src\": \"/research/static/4dc820448f0dedb38710142b99610a30/d72eb/puc18.png\",\n    \"srcSet\": [\"/research/static/4dc820448f0dedb38710142b99610a30/8a4e8/puc18.png 150w\", \"/research/static/4dc820448f0dedb38710142b99610a30/5a46d/puc18.png 300w\", \"/research/static/4dc820448f0dedb38710142b99610a30/d72eb/puc18.png 587w\"],\n    \"sizes\": \"(max-width: 587px) 100vw, 587px\",\n    \"style\": {\n      \"width\": \"100%\",\n      \"height\": \"100%\",\n      \"margin\": \"0\",\n      \"verticalAlign\": \"middle\",\n      \"position\": \"absolute\",\n      \"top\": \"0\",\n      \"left\": \"0\"\n    },\n    \"loading\": \"lazy\",\n    \"decoding\": \"async\"\n  }), \"\\n  \"), \"\\n    \"), \"\\n    \", mdx(\"figcaption\", {\n    parentName: \"figure\",\n    \"className\": \"gatsby-resp-image-figcaption\"\n  }, \"An example of a plasmid. This plasmid is called pUC18 and was designed by the University of California.\"), \"\\n  \")), mdx(\"div\", {\n    \"className\": \"footnotes\"\n  }, mdx(\"hr\", {\n    parentName: \"div\"\n  }), mdx(\"ol\", {\n    parentName: \"div\"\n  }, mdx(\"li\", {\n    parentName: \"ol\",\n    \"id\": \"fn-1\"\n  }, mdx(\"a\", {\n    parentName: \"li\",\n    \"href\": \"https://www.broadinstitute.org/blog/what-orf\"\n  }, \"What is an ORF? (Broad Institute)\"), \" (\", mdx(\"a\", {\n    parentName: \"li\",\n    \"href\": \"https://archive.is/4NVZH\"\n  }, \"archive\"), \")\", mdx(\"a\", {\n    parentName: \"li\",\n    \"href\": \"#fnref-1\",\n    \"className\": \"footnote-backref\"\n  }, \"\\u21A9\")))));\n}\n;\nMDXContent.isMDXComponent = true;","frontmatter":{"title":""}}},"pageContext":{"slug":"synbio/golden/"}},
    "staticQueryHashes": []}